
> react-kavia@0.1.0 start
> react-scripts start

(node:609) [DEP_WEBPACK_DEV_SERVER_ON_AFTER_SETUP_MIDDLEWARE] DeprecationWarning: 'onAfterSetupMiddleware' option is deprecated. Please use the 'setupMiddlewares' option.
(Use `node --trace-deprecation ...` to show where the warning was created)
(node:609) [DEP_WEBPACK_DEV_SERVER_ON_BEFORE_SETUP_MIDDLEWARE] DeprecationWarning: 'onBeforeSetupMiddleware' option is deprecated. Please use the 'setupMiddlewares' option.
Starting the development server...

Compiled successfully!

You can now view react-kavia in the browser.

  Local:            http://localhost:3000
  On Your Network:  http://172.17.0.2:3000

Note that the development build is not optimized.
To create a production build, use npm run build.

webpack compiled successfully
Compiling...
Compiled successfully!
webpack compiled successfully
Compiling...
Failed to compile.

Module not found: Error: Can't resolve 'react-router-dom' in '/home/kavia/workspace/code-generation/thirukkurallearnhub-33321-b15f6c09/thirukkurallearnhub_web_app/src'
ERROR in ./src/App.js 6:0-70
Module not found: Error: Can't resolve 'react-router-dom' in '/home/kavia/workspace/code-generation/thirukkurallearnhub-33321-b15f6c09/thirukkurallearnhub_web_app/src'

webpack compiled with 1 error
